[api] GET /api/workspace 200 54ms request=9eb1158c-7b98-421a-aa3f-534bf2993b1f
[api] POST /api/chat 201 451ms request=dae3186c-e355-43ec-9d78-73cc27c24b9c
[api] GET / 200 2ms request=30775b31-af59-4a4e-8fec-02f0cb0ad4ef
[api] GET /assets/rolldown-runtime-hePW80VL.js 200 1ms request=54bf3f70-41ab-42d8-a249-3e8fe598bfbc
[api] GET /assets/index-Cv175PVl.css 200 3ms request=0dcfd19f-db0e-4e8c-b8f0-5c4ef6b5a53c
[api] GET /assets/index-BHgvfCFt.js 200 5ms request=d377c690-e5b1-45cd-845c-c07d0146aa49
[api] GET /api/v1/workspaces 200 1ms request=349c56f1-0b7b-45ce-aa64-b3a7ce06ac68
[api] GET /assets/newsreader-latin-600-normal-30OJ_TG_.woff2 200 1ms request=e2dd49f7-3024-45b5-9551-2ad2ece772a0
[api] GET /assets/manrope-latin-400-normal-PaqtzbVb.woff2 200 3ms request=da07ed8c-1093-44eb-886b-dfd777374ca4
[api] GET /api/workspace 200 50ms request=71560a8a-e3c0-4637-99de-f21cbf2d83f5
[api] GET /assets/MarkdownRenderer-Ddr6Z9Sf.css 200 2ms request=75afef9f-3d12-4e43-911d-52a09a77a723
[api] GET /assets/MarkdownRenderer-DmiXWH1z.js 200 4ms request=7ea345bf-eb91-48c4-9fbb-ebc16298332b
[api] GET /assets/dm-mono-latin-400-normal-4GdczIuU.woff2 200 2ms request=a0d04b60-1bec-4770-a744-71ed9e6ec4ae
[api] GET /assets/manrope-latin-700-normal-BZp_XxE4.woff2 200 3ms request=6ad39e8a-4da9-43e4-bb55-73c29ee4b30f
[api] GET /assets/dm-mono-latin-500-normal-DRMDZjhP.woff2 200 3ms request=c5b83e41-59db-4f2b-b0aa-f47e5da32a53
[api] GET /assets/newsreader-latin-500-normal-B66TYsaK.woff2 200 1ms request=c5c2f634-3929-4ff4-ad7e-fafdaec3252c
[api] GET /assets/manrope-latin-600-normal-4f0koTD-.woff2 200 2ms request=e885cba3-801f-421a-aab7-0fe6963a7731
[api] PATCH /api/nodes/95774527-7420-5264-b45a-50b02592506f/title 200 136ms request=d0c5ea0b-64b8-4c77-9467-93e87f40968c
[api] GET /api/providers 200 10ms request=e5dc3aff-f987-4260-b3b8-a3d53bb0cdfa
[api] PATCH /api/nodes/95774527-7420-5264-b45a-50b02592506f/model 200 94ms request=b8a3be20-c888-4af8-8d2b-82376977a537
[api] POST /api/nodes/95774527-7420-5264-b45a-50b02592506f/segments 201 104ms request=4f34d1d3-6838-47fd-82db-daf7fb26852b
[api] PATCH /api/segments/6b7cfaa5-e817-4e4d-b0b4-37148c4c0f83 200 88ms request=cd90cd24-8ab3-4850-b2e8-6cd69be3e426
[api] PATCH /api/segments/6b7cfaa5-e817-4e4d-b0b4-37148c4c0f83 200 93ms request=f0087398-31d9-4ea0-8cd9-f19209178c16
[api] GET /api/search 200 11ms request=9f171b6c-22c3-4f9c-bf34-f17d41899322
[api] POST /api/nodes/95774527-7420-5264-b45a-50b02592506f/activate 200 108ms request=e0f25748-ce75-4109-8625-5c156dbe028c
[api] GET /api/runs/by-command/420f71fe-e3f1-4dbd-9688-151aa59c668f 200 11ms request=0ad22af9-a941-434f-be9d-72ff00250014
[api] GET /api/runs/by-command/420f71fe-e3f1-4dbd-9688-151aa59c668f 200 60ms request=61079781-0394-4784-b5f4-2939396cc853
[api] GET /api/workspace 200 43ms request=152b3681-536f-48ae-902e-7a6cc29ad2c7
[api] POST /api/runs/0eafe27f-95c6-40eb-b9da-139bd5a32f8b/cancel 200 85ms request=86fd345c-c82d-4f6c-8082-a086ae5420b6
[api] POST /api/nodes 201 243ms request=bb1e4446-76af-4a2f-b36e-475ec20b5e6a
[api] POST /api/chat/stream 200 432ms request=7d457275-87b5-4007-8c5c-f5821b1ff3df
[api] POST /api/nodes/9cd98e04-feb8-42b4-9075-8f3c480765be/merge 200 203ms request=a2bc4d25-e5d3-4338-93b3-553c3fa53891
[api] GET /api/graph/neighborhood 200 52ms request=b9a44738-ee2b-4820-99f2-b737d2411d47
[api] GET /api/graph/neighborhood 200 18ms request=5de574cb-caa9-4d28-bdcb-cc48e007a44d
[api] GET /api/graph/neighborhood 200 13ms request=f73ac043-7647-440c-92f4-6bcb10f59de9
[api] GET /api/graph/neighborhood 200 16ms request=fc3168cb-a523-46fa-844f-461cce0f808b
[api] GET /api/workspace 200 30ms request=28c914db-e9ca-4d3b-aebe-ee78a8983f42
[api] POST /api/chat 201 463ms request=71d5db24-b8a2-4be1-b061-1eea6d8f4b4d
[api] GET / 200 2ms request=e5d77123-16de-4f84-bc10-90a3578343a0
[api] GET /assets/index-Cv175PVl.css 200 2ms request=91992cb0-99b5-42a0-a820-6b8bffc9d2e7
[api] GET /assets/rolldown-runtime-hePW80VL.js 200 1ms request=74a789b0-888d-4767-b0f0-2664d275a388
[api] GET /assets/index-BHgvfCFt.js 200 5ms request=cf2de560-bb31-4737-8690-801c6dc5e6b2
[api] GET /api/v1/workspaces 200 1ms request=12b52ebf-2ebe-47e4-99cb-debcb5539deb
[api] GET /assets/newsreader-latin-600-normal-30OJ_TG_.woff2 200 2ms request=07a7ff68-bd3f-43c2-bcd7-fb7aca131dce
[api] GET /assets/manrope-latin-400-normal-PaqtzbVb.woff2 200 2ms request=5f289c25-e458-4679-95a7-7633ba3f1531
[api] GET /api/workspace 200 41ms request=1c6d58cf-7461-4fed-80b7-b89350409901
[api] GET /assets/MarkdownRenderer-Ddr6Z9Sf.css 200 1ms request=f95fb072-0478-4e9d-97fb-40c1f4ed41bb
[api] GET /assets/MarkdownRenderer-DmiXWH1z.js 200 1ms request=4ced08a3-9362-49ca-b8d9-88401ce309ad
[api] GET /assets/dm-mono-latin-400-normal-4GdczIuU.woff2 200 1ms request=b28e6ee2-6503-4898-add6-719a21ecc3e9
[api] GET /assets/dm-mono-latin-500-normal-DRMDZjhP.woff2 200 1ms request=855c03fd-595b-443b-9975-75e6c1eb6767
[api] GET /assets/manrope-latin-700-normal-BZp_XxE4.woff2 200 2ms request=27bdb3ff-825e-48b7-8413-1eca4a5ffa8c
[api] GET /assets/manrope-latin-600-normal-4f0koTD-.woff2 200 1ms request=a295ee27-c01e-4c12-bebd-a6b4a5b524cd
[api] PATCH /api/nodes/ec6f1e57-bea4-584c-b619-700d6cfd76c7/title 200 91ms request=0b29910f-e36c-45af-86dc-f5506d5f4a81
[api] GET /api/providers 200 10ms request=4334774d-91d6-4d87-97a9-b10c55478ca7
[api] PATCH /api/nodes/ec6f1e57-bea4-584c-b619-700d6cfd76c7/model 200 91ms request=d99d219b-dd25-4a18-aa5b-c23c7c7ef083
[api] POST /api/nodes/ec6f1e57-bea4-584c-b619-700d6cfd76c7/segments 201 99ms request=0562845b-f71b-4819-ba78-0af195b141c3
[api] PATCH /api/segments/87512349-94b3-4812-9b1b-af0211094ca9 200 91ms request=fcdb5bed-69bb-41c7-8b99-96c03d6fac86
[api] PATCH /api/segments/87512349-94b3-4812-9b1b-af0211094ca9 200 93ms request=73030532-60e4-41a1-acb8-c188e0261d85
[api] GET /api/search 200 14ms request=7376851d-796f-4977-9b9c-079d10cc13df
[api] POST /api/nodes/ec6f1e57-bea4-584c-b619-700d6cfd76c7/activate 200 90ms request=5b69aab7-8eec-4727-a4be-0007c8aef267
[api] GET /api/runs/by-command/e98a19a1-0275-4569-96ee-167c7fdb3376 200 9ms request=c3fd341d-da59-47a5-a5bc-4deac35cfaf8
[api] GET /api/runs/by-command/e98a19a1-0275-4569-96ee-167c7fdb3376 200 9ms request=5af08e4e-464a-4128-8bcb-069163025130
[api] GET /api/workspace 200 28ms request=47e64f82-646d-421e-8672-88d41df8bc10
[api] POST /api/runs/12b4dded-d8a4-4862-af6b-863a95be7453/cancel 200 84ms request=f2866424-214a-4728-9861-3fc4c6a19bb7
[api] POST /api/nodes 201 245ms request=e500ec64-4a70-4314-89c1-d300165f698a
[api] POST /api/chat/stream 200 425ms request=029e2bae-9ab0-4786-9e0c-111f93f26675
[api] POST /api/nodes/930daea8-a00d-4a3a-a145-9573b844cf31/merge 200 203ms request=39ebeeb1-21de-46bf-b110-6e3e6b5defcc
[api] GET /api/graph/neighborhood 200 43ms request=a27739f3-0506-4c43-b9c1-b369edfb5314
[api] GET /api/graph/neighborhood 200 13ms request=96db74d1-5990-43a6-b5c2-29478216c69c
[api] GET /api/graph/neighborhood 200 14ms request=4401ab36-604a-48b2-96a0-50b2e0a23189
[api] GET /api/graph/neighborhood 200 12ms request=78934750-5b53-4cbf-be64-0a406bb03d7f
{"ok":true,"reports":[{"viewport":"desktop","actions":["Conversation rename","Conversation model preference","Segment create/archive/restore","Indexed partial case-insensitive search","Durable Stop","Temporary streaming/Stop/discard","Explicit Merge latest full reply","Graph search/semantic zoom"],"pageErrors":[],"ok":true},{"viewport":"narrow","actions":["Conversation rename","Conversation model preference","Segment create/archive/restore","Indexed partial case-insensitive search","Durable Stop","Temporary streaming/Stop/discard","Explicit Merge latest full reply","Graph search/semantic zoom"],"pageErrors":[],"ok":true}]}
