
 RUN  v4.1.10 <repo>

(node:27168) PromiseRejectionHandledWarning: Promise rejection was handled asynchronously (rejection id: 2)
(Use `node --trace-warnings ...` to show where the warning was created)
 ❯ src/api.test.ts (4 tests | 1 failed | 3 skipped) 7ms
   × reports pending cancellation when command lookup never finds the Run 6ms
 ❯ src/components/RunHistory.test.tsx (4 tests | 1 failed | 3 skipped) 104ms
   × retains the logical Retry identity when its response is lost 103ms
stderr | src/App.test.tsx > discards a stale neighborhood after a newer graph refresh
An update to App inside a test was not wrapped in act(...).

When testing, code that causes React state updates should be wrapped into act(...):

act(() => {
  /* fire events that update state */
});
/* assert on the output */

This ensures that you're testing the behavior the user would see in the browser. Learn more at https://react.dev/link/wrap-tests-with-act

stderr | src/App.test.tsx > discards a stale neighborhood after a newer graph refresh
An update to Sidebar inside a test was not wrapped in act(...).

When testing, code that causes React state updates should be wrapped into act(...):

act(() => {
  /* fire events that update state */
});
/* assert on the output */

This ensures that you're testing the behavior the user would see in the browser. Learn more at https://react.dev/link/wrap-tests-with-act

stderr | src/App.test.tsx > discards a stale neighborhood after a newer graph refresh
An update to Sidebar inside a test was not wrapped in act(...).

When testing, code that causes React state updates should be wrapped into act(...):

act(() => {
  /* fire events that update state */
});
/* assert on the output */

This ensures that you're testing the behavior the user would see in the browser. Learn more at https://react.dev/link/wrap-tests-with-act

 ❯ src/App.test.tsx (35 tests | 2 failed | 33 skipped) 692ms
   × reuses an unresolved attempt identity after transport loss before RUN_CREATED 409ms
   × discards a stale neighborhood after a newer graph refresh 282ms

⎯⎯⎯⎯⎯⎯⎯ Failed Tests 4 ⎯⎯⎯⎯⎯⎯⎯

 FAIL  src/App.test.tsx > reuses an unresolved attempt identity after transport loss before RUN_CREATED
AssertionError: expected '2ecb786f-7d63-4ef0-a1f6-4477c794ca89' to be 'b9d4c867-9cf9-4794-87f3-30e95b923dce' // Object.is equality

Expected: "b9d4c867-9cf9-4794-87f3-30e95b923dce"
Received: "2ecb786f-7d63-4ef0-a1f6-4477c794ca89"

 ❯ src/App.test.tsx:588:63
    586|  await screen.findByRole('button',{name:'重试'});fireEvent.click(screen.…
    587|  await waitFor(()=>expect(mocks.streamMessage).toHaveBeenCalledTimes(2…
    588|  expect(mocks.streamMessage.mock.calls[1]![2].idempotencyKey).toBe(moc…
       |                                                               ^
    589|  expect(mocks.streamMessage.mock.calls[1]![2].operation).toBe('send');
    590| });

⎯⎯⎯⎯⎯⎯⎯⎯⎯⎯⎯⎯⎯⎯⎯⎯⎯⎯⎯⎯⎯⎯⎯⎯[1/4]⎯

 FAIL  src/App.test.tsx > discards a stale neighborhood after a newer graph refresh
Error: expect(element).not.toBeInTheDocument()

expected document not to contain element, found <article
  aria-label="讨论节点：信息架构方向"
  class="graph-node main active current    conversation"
  role="button"
  style="left: 350px; top: 150px;"
  tabindex="0"
  title="拖拽移动，点击打开讨论"
>
  <span
    class="node-kicker"
  >
    MAIN NODE

    <svg
      aria-hidden="true"
      class="lucide lucide-grip"
      fill="none"
      height="12"
      stroke="currentColor"
      stroke-linecap="round"
      stroke-linejoin="round"
      stroke-width="2"
      viewBox="0 0 24 24"
      width="12"
      xmlns="http://www.w3.org/2000/svg"
    >
      <circle
        cx="12"
        cy="5"
        r="1"
      />
      <circle
        cx="19"
        cy="5"
        r="1"
      />
      <circle
        cx="5"
        cy="5"
        r="1"
      />
      <circle
        cx="12"
        cy="12"
        r="1"
      />
      <circle
        cx="19"
        cy="12"
        r="1"
      />
      <circle
        cx="5"
        cy="12"
        r="1"
      />
      <circle
        cx="12"
        cy="19"
        r="1"
      />
      <circle
        cx="19"
        cy="19"
        r="1"
      />
      <circle
        cx="5"
        cy="19"
        r="1"
      />
    </svg>
  </span>
  <strong>
    信息架构方向
  </strong>
  <small>
    首屏结构探索
  </small>
  <button
    aria-label="归档节点 信息架构方向"
    class="node-delete"
    data-no-pan="true"
    title="归档节点"
  >
    <svg
      aria-hidden="true"
      class="lucide lucide-archive"
      fill="none"
      height="12"
      stroke="currentColor"
      stroke-linecap="round"
      stroke-linejoin="round"
      stroke-width="2"
      viewBox="0 0 24 24"
      width="12"
      xmlns="http://www.w3.org/2000/svg"
    >
      <rect
        height="5"
        rx="1"
        width="20"
        x="2"
        y="3"
      />
      <path
        d="M4 8v11a2 2 0 0 0 2 2h12a2 2 0 0 0 2-2V8"
      />
      <path
        d="M10 12h4"
      />
    </svg>
  </button>
  <i
    class="port left"
  />
  <i
    class="port right"
  />
</article> instead
 ❯ src/App.test.tsx:598:138
    596|  mocks.getGraphNeighborhood.mockImplementation((input:{objectId?:strin…
    597|  fireEvent.click(screen.getByRole('button',{name:'刷新图谱'}));await scree…
    598|  late.resolve(original);await new Promise(resolve=>setTimeout(resolve,…
       |                                                                                                                                          ^
    599| });
    600|

⎯⎯⎯⎯⎯⎯⎯⎯⎯⎯⎯⎯⎯⎯⎯⎯⎯⎯⎯⎯⎯⎯⎯⎯[2/4]⎯

 FAIL  src/api.test.ts > reports pending cancellation when command lookup never finds the Run
AssertionError: promise resolved "undefined" instead of rejecting

- Expected:
Error {
  "message": "rejected promise",
}

+ Received:
undefined

 ❯ src/api.test.ts:56:242


⎯⎯⎯⎯⎯⎯⎯⎯⎯⎯⎯⎯⎯⎯⎯⎯⎯⎯⎯⎯⎯⎯⎯⎯[3/4]⎯

 FAIL  src/components/RunHistory.test.tsx > retains the logical Retry identity when its response is lost
AssertionError: expected '6b93bc4c-bee9-4150-9d24-23aebbe686f7' to be 'bfbb74fc-e225-4730-b88d-038bb3d88bab' // Object.is equality

Expected: "bfbb74fc-e225-4730-b88d-038bb3d88bab"
Received: "6b93bc4c-bee9-4150-9d24-23aebbe686f7"

 ❯ src/components/RunHistory.test.tsx:50:309


⎯⎯⎯⎯⎯⎯⎯⎯⎯⎯⎯⎯⎯⎯⎯⎯⎯⎯⎯⎯⎯⎯⎯⎯[4/4]⎯

⎯⎯⎯⎯⎯⎯ Unhandled Errors ⎯⎯⎯⎯⎯⎯

Vitest caught 1 unhandled error during the test run.
This might cause false positive tests. Resolve unhandled errors to make sure your tests are not affected.

⎯⎯⎯⎯ Unhandled Rejection ⎯⎯⎯⎯⎯
AssertionError: promise resolved "undefined" instead of rejecting
 ❯ _Assertion.__VITEST_REJECTS__ node_modules/.pnpm/@vitest+expect@4.1.10/node_modules/@vitest/expect/dist/index.js:1747:17
 ❯ _Assertion.propertyGetter node_modules/.pnpm/chai@6.2.2/node_modules/chai/index.js:1570:27
 ❯ Object.proxyGetter [as get] node_modules/.pnpm/chai@6.2.2/node_modules/chai/index.js:1659:22
 ❯ src/api.test.ts:56:242

 ❯ node_modules/.pnpm/@vitest+runner@4.1.10/node_modules/@vitest/runner/dist/chunk-artifact.js:302:11
 ❯ node_modules/.pnpm/@vitest+runner@4.1.10/node_modules/@vitest/runner/dist/chunk-artifact.js:1903:26
 ❯ node_modules/.pnpm/@vitest+runner@4.1.10/node_modules/@vitest/runner/dist/chunk-artifact.js:2326:20
 ❯ runWithCancel node_modules/.pnpm/@vitest+runner@4.1.10/node_modules/@vitest/runner/dist/chunk-artifact.js:2323:10

This error originated in "src/api.test.ts" test file. It doesn't mean the error was thrown inside the file itself, but while it was running.
The latest test that might've caused the error is "reports pending cancellation when command lookup never finds the Run". It might mean one of the following:
- The error was thrown, while Vitest was running this test.
- If the error occurred after the test had been completed, this was the last documented test before it was thrown.
⎯⎯⎯⎯⎯⎯⎯⎯⎯⎯⎯⎯⎯⎯⎯⎯⎯⎯⎯⎯⎯⎯⎯⎯⎯⎯⎯⎯⎯⎯


 Test Files  3 failed (3)
      Tests  4 failed | 39 skipped (43)
     Errors  1 error
   Start at  21:32:40
   Duration  1.41s (transform 323ms, setup 224ms, import 409ms, tests 802ms, environment 940ms)
