$ pnpm run typecheck && vite build && tsup server/index.ts --format esm --platform node --out-dir dist-server --clean
$ tsc -b
vite v8.2.1 building client environment for production...
[2Ktransforming...✓ 4166 modules transformed.
rendering chunks...
computing gzip size...
dist/index.html                                                1.01 kB │ gzip:   0.65 kB
dist/assets/manrope-vietnamese-500-normal-DCXiE_xi.woff2       4.32 kB
dist/assets/KaTeX_Size3-Regular-CTq5MqoE.woff                  4.42 kB
dist/assets/manrope-vietnamese-400-normal-DHb3EETF.woff2       4.46 kB
dist/assets/manrope-vietnamese-600-normal-C1J5PCl_.woff2       4.46 kB
dist/assets/manrope-vietnamese-700-normal-CUqMx5-1.woff2       4.55 kB
dist/assets/KaTeX_Size4-Regular-Dl5lxZxV.woff2                 4.92 kB
dist/assets/KaTeX_Size2-Regular-Dy4dx90m.woff2                 5.20 kB
dist/assets/manrope-greek-600-normal-BoRV6lzK.woff2            5.23 kB
dist/assets/manrope-greek-700-normal-CHUG9PD8.woff2            5.23 kB
dist/assets/manrope-greek-500-normal-GeMIHyWm.woff2            5.25 kB
dist/assets/manrope-greek-400-normal-CM4qok81.woff2            5.28 kB
dist/assets/newsreader-vietnamese-500-normal-CL6a8tp2.woff2    5.43 kB
dist/assets/KaTeX_Size1-Regular-mCD8mA8B.woff2                 5.46 kB
dist/assets/newsreader-vietnamese-600-normal-CaH84vfx.woff2    5.49 kB
dist/assets/KaTeX_Size4-Regular-BF-4gkZK.woff                  5.98 kB
dist/assets/manrope-vietnamese-500-normal-DaZ8i3XM.woff        6.06 kB
dist/assets/manrope-vietnamese-400-normal-D7E_mLGF.woff        6.10 kB
dist/assets/manrope-vietnamese-600-normal-lA7a_7Ok.woff        6.14 kB
dist/assets/KaTeX_Size2-Regular-oD1tc_U0.woff                  6.18 kB
dist/assets/manrope-vietnamese-700-normal-pt65Fn2Z.woff        6.36 kB
dist/assets/KaTeX_Size1-Regular-C195tn64.woff                  6.49 kB
dist/assets/manrope-greek-600-normal-CF2i9ZRY.woff             6.74 kB
dist/assets/manrope-greek-700-normal-DyfsrCpP.woff             6.74 kB
dist/assets/manrope-greek-500-normal-DyxYGEtJ.woff             6.76 kB
dist/assets/manrope-greek-400-normal-DuX9RsAR.woff             6.77 kB
dist/assets/KaTeX_Caligraphic-Regular-Di6jR-x-.woff2           6.90 kB
dist/assets/KaTeX_Caligraphic-Bold-Dq_IR9rO.woff2              6.91 kB
dist/assets/newsreader-vietnamese-500-normal-BEAbKU8A.woff     7.03 kB
dist/assets/newsreader-vietnamese-600-normal-CVAR0otO.woff     7.06 kB
dist/assets/dm-mono-latin-ext-500-normal-Dw3M13d8.woff         7.48 kB
dist/assets/dm-mono-latin-ext-400-normal-1aZr6b2b.woff         7.50 kB
dist/assets/KaTeX_Size3-Regular-DgpXs0kz.ttf                   7.58 kB
dist/assets/KaTeX_Caligraphic-Regular-CTRA-rTL.woff            7.65 kB
dist/assets/KaTeX_Caligraphic-Bold-BEiXGLvX.woff               7.71 kB
dist/assets/manrope-cyrillic-400-normal-BMzJvInZ.woff2         7.84 kB
dist/assets/manrope-cyrillic-700-normal-Dw_fZAg2.woff2         7.85 kB
dist/assets/manrope-cyrillic-500-normal-B1OEZity.woff2         7.87 kB
dist/assets/manrope-cyrillic-600-normal-DvRl3Mj-.woff2         7.87 kB
dist/assets/manrope-latin-ext-500-normal-dm74KBQw.woff2        8.19 kB
dist/assets/manrope-latin-ext-700-normal-DYOwVNan.woff2        8.27 kB
dist/assets/manrope-latin-ext-400-normal-CMDvPJRp.woff2        8.29 kB
dist/assets/manrope-latin-ext-600-normal-_gBojHdJ.woff2        8.30 kB
dist/assets/dm-mono-latin-ext-400-normal-C2zvOubV.woff2        9.55 kB
dist/assets/dm-mono-latin-ext-500-normal-BtRyHRi6.woff2        9.61 kB
dist/assets/KaTeX_Script-Regular-D3wIWfF6.woff2                9.64 kB
dist/assets/manrope-cyrillic-700-normal-7JNVKxyl.woff         10.00 kB
dist/assets/manrope-cyrillic-500-normal-CNwnNrRC.woff         10.01 kB
dist/assets/manrope-cyrillic-400-normal-Dvx59UGC.woff         10.03 kB
dist/assets/manrope-cyrillic-600-normal-It4mZcQk.woff         10.06 kB
dist/assets/KaTeX_SansSerif-Regular-DDBCnlJ7.woff2            10.34 kB
dist/assets/KaTeX_Size4-Regular-DWFBv043.ttf                  10.36 kB
dist/assets/KaTeX_Script-Regular-D5yQViql.woff                10.58 kB
dist/assets/dm-mono-latin-400-normal--0xN8mdc.woff            11.21 kB
dist/assets/dm-mono-latin-500-normal-CN8Miw6E.woff            11.24 kB
dist/assets/manrope-latin-ext-500-normal-EtoS1VaI.woff        11.24 kB
dist/assets/manrope-latin-ext-600-normal-u5Pl7hTU.woff        11.24 kB
dist/assets/KaTeX_Fraktur-Regular-CTYiF6lA.woff2              11.31 kB
dist/assets/manrope-latin-ext-400-normal-C-X6QNXX.woff        11.31 kB
dist/assets/KaTeX_Fraktur-Bold-CL6g_b3V.woff2                 11.34 kB
dist/assets/manrope-latin-ext-700-normal-eVCcYqtJ.woff        11.35 kB
dist/assets/KaTeX_Size2-Regular-B7gKUWhC.ttf                  11.50 kB
dist/assets/KaTeX_SansSerif-Italic-C3H0VqGB.woff2             12.02 kB
dist/assets/KaTeX_SansSerif-Bold-D1sUS0GD.woff2               12.21 kB
dist/assets/KaTeX_Size1-Regular-Dbsnue_I.ttf                  12.22 kB
dist/assets/KaTeX_SansSerif-Regular-CS6fqUqJ.woff             12.31 kB
dist/assets/KaTeX_Caligraphic-Regular-wX97UBjC.ttf            12.34 kB
dist/assets/KaTeX_Caligraphic-Bold-ATXxdsX0.ttf               12.36 kB
dist/assets/KaTeX_Fraktur-Regular-Dxdc4cR9.woff               13.20 kB
dist/assets/KaTeX_Fraktur-Bold-BsDP51OF.woff                  13.29 kB
dist/assets/KaTeX_Typewriter-Regular-CO6r4hn1.woff2           13.56 kB
dist/assets/manrope-latin-500-normal-BYYD-dBL.woff2           14.04 kB
dist/assets/manrope-latin-400-normal-PaqtzbVb.woff2           14.10 kB
dist/assets/KaTeX_SansSerif-Italic-DN2j7dab.woff              14.11 kB
dist/assets/manrope-latin-600-normal-4f0koTD-.woff2           14.17 kB
dist/assets/manrope-latin-700-normal-BZp_XxE4.woff2           14.21 kB
dist/assets/KaTeX_SansSerif-Bold-DbIhKOiC.woff                14.40 kB
dist/assets/dm-mono-latin-400-normal-4GdczIuU.woff2           14.82 kB
dist/assets/dm-mono-latin-500-normal-DRMDZjhP.woff2           14.98 kB
dist/assets/newsreader-latin-ext-500-normal-BNHmvKvI.woff2    15.06 kB
dist/assets/newsreader-latin-ext-600-normal-BXv5iMHi.woff2    15.16 kB
dist/assets/KaTeX_Typewriter-Regular-C0xS9mPB.woff            16.02 kB
dist/assets/KaTeX_Math-BoldItalic-CZnvNsCZ.woff2              16.40 kB
dist/assets/KaTeX_Math-Italic-t53AETM-.woff2                  16.44 kB
dist/assets/KaTeX_Script-Regular-C5JkGWo-.ttf                 16.64 kB
dist/assets/KaTeX_Main-BoldItalic-DxDJ3AOS.woff2              16.78 kB
dist/assets/KaTeX_Main-Italic-NWA7e6Wa.woff2                  16.98 kB
dist/assets/manrope-latin-500-normal-DMZssgOp.woff            18.24 kB
dist/assets/manrope-latin-400-normal-8tf8FM3T.woff            18.29 kB
dist/assets/manrope-latin-600-normal-BqgrALkZ.woff            18.38 kB
dist/assets/manrope-latin-700-normal-DGRFkw-m.woff            18.41 kB
dist/assets/KaTeX_Math-BoldItalic-iY-2wyZ7.woff               18.66 kB
dist/assets/KaTeX_Math-Italic-DA0__PXp.woff                   18.74 kB
dist/assets/newsreader-latin-ext-500-normal-CZruMFou.woff     19.29 kB
dist/assets/newsreader-latin-ext-600-normal-BrbfzHZ5.woff     19.39 kB
dist/assets/KaTeX_Main-BoldItalic-SpSLRI95.woff               19.41 kB
dist/assets/KaTeX_SansSerif-Regular-BNo7hRIc.ttf              19.43 kB
dist/assets/KaTeX_Fraktur-Regular-CB_wures.ttf                19.57 kB
dist/assets/KaTeX_Fraktur-Bold-BdnERNNW.ttf                   19.58 kB
dist/assets/KaTeX_Main-Italic-BMLOBm91.woff                   19.67 kB
dist/assets/KaTeX_SansSerif-Italic-YYjJ1zSn.ttf               22.36 kB
dist/assets/newsreader-latin-500-normal-B66TYsaK.woff2        23.62 kB
dist/assets/newsreader-latin-600-normal-30OJ_TG_.woff2        23.87 kB
dist/assets/KaTeX_SansSerif-Bold-CFMepnvq.ttf                 24.50 kB
dist/assets/KaTeX_Main-Bold-Cx986IdX.woff2                    25.32 kB
dist/assets/KaTeX_Main-Regular-B22Nviop.woff2                 26.27 kB
dist/assets/KaTeX_Typewriter-Regular-D3Ib7_Hf.ttf             27.55 kB
dist/assets/KaTeX_AMS-Regular-BQhdFMY1.woff2                  28.07 kB
dist/assets/newsreader-latin-500-normal-DFwuUcdu.woff         29.63 kB
dist/assets/newsreader-latin-600-normal-DUnT2r2g.woff         29.78 kB
dist/assets/KaTeX_Main-Bold-Jm3AIy58.woff                     29.91 kB
dist/assets/KaTeX_Main-Regular-Dr94JaBh.woff                  30.77 kB
dist/assets/KaTeX_Math-BoldItalic-B3XSjfu4.ttf                31.19 kB
dist/assets/KaTeX_Math-Italic-flOr_0UB.ttf                    31.30 kB
dist/assets/KaTeX_Main-BoldItalic-DzxPMmG6.ttf                32.96 kB
dist/assets/KaTeX_AMS-Regular-DMm9YOAa.woff                   33.51 kB
dist/assets/KaTeX_Main-Italic-3WenGoN9.ttf                    33.58 kB
dist/assets/KaTeX_Main-Bold-waoOVXN0.ttf                      51.33 kB
dist/assets/KaTeX_Main-Regular-ypZvNtVU.ttf                   53.58 kB
dist/assets/KaTeX_AMS-Regular-DRggAlZN.ttf                    63.63 kB
dist/assets/MarkdownRenderer-Ddr6Z9Sf.css                     29.73 kB │ gzip:   7.94 kB
dist/assets/index-BrAay8gL.css                               147.51 kB │ gzip:  36.57 kB
dist/assets/katex-CQDWwnKt.js                                  0.07 kB │ gzip:   0.08 kB
dist/assets/array-BifhSqXX.js                                  0.10 kB │ gzip:   0.11 kB
dist/assets/channel-X5gKwOfO.js                                0.11 kB │ gzip:   0.12 kB
dist/assets/pie-RZYD4A2V-C-EnFy-S.js                           0.12 kB │ gzip:   0.13 kB
dist/assets/info-DKCQHKI2-B6jK93p_.js                          0.12 kB │ gzip:   0.13 kB
dist/assets/radar-I7S5WNFK-BCkADXwM.js                         0.12 kB │ gzip:   0.13 kB
dist/assets/packet-7NZHBO7P-Ddm6ybX2.js                        0.12 kB │ gzip:   0.13 kB
dist/assets/cynefin-VYW2F7L2-Cl6WGs-C.js                       0.12 kB │ gzip:   0.13 kB
dist/assets/treemap-6X3UGDF4-DPCIHC9H.js                       0.12 kB │ gzip:   0.13 kB
dist/assets/wardley-OPB4EBWU-pI8A9jjq.js                       0.12 kB │ gzip:   0.13 kB
dist/assets/gitGraph-TEB2WS4Q-C8rgz4js.js                      0.12 kB │ gzip:   0.13 kB
dist/assets/railroad-3IZDKUUU-4YkNowY6.js                      0.12 kB │ gzip:   0.13 kB
dist/assets/treeView-QDETBFTQ-C5diRk6L.js                      0.12 kB │ gzip:   0.13 kB
dist/assets/railroad-peg-LSFZ7HO6-Dw5iRMVb.js                  0.13 kB │ gzip:   0.13 kB
dist/assets/architecture-TIHT7OUA-C4UHJBYS.js                  0.13 kB │ gzip:   0.13 kB
dist/assets/railroad-abnf-AHOZXSZD-BvFjM5qC.js                 0.13 kB │ gzip:   0.13 kB
dist/assets/railroad-ebnf-EBAXGLYW-C3981_cw.js                 0.13 kB │ gzip:   0.13 kB
dist/assets/eventmodeling-45OFAUF4-CRf9SYYf.js                 0.13 kB │ gzip:   0.13 kB
dist/assets/init-C-OQMol4.js                                   0.14 kB │ gzip:   0.12 kB
dist/assets/chunk-Y2CYZVJY-DsF7k-Jl.js                         0.15 kB │ gzip:   0.14 kB
dist/assets/chunk-2Q5K7J3B-C1jixKkw.js                         0.19 kB │ gzip:   0.16 kB
dist/assets/chunk-JWPE2WC7-DVXcaiue.js                         0.22 kB │ gzip:   0.17 kB
dist/assets/chunk-XXDRQBXY-DqAYeljN.js                         0.26 kB │ gzip:   0.22 kB
dist/assets/chunk-5VM5RSS4-ZNzvKenW.js                         0.36 kB │ gzip:   0.27 kB
dist/assets/chunk-KBJHAD2P-W_fJSDj6.js                         0.57 kB │ gzip:   0.40 kB
dist/assets/flowDiagram-UKHOOZJN-E9h6-Ihs.js                   0.57 kB │ gzip:   0.31 kB
dist/assets/infoDiagram-6WML65LV-COrOrxW_.js                   0.65 kB │ gzip:   0.42 kB
dist/assets/rolldown-runtime-hePW80VL.js                       0.71 kB │ gzip:   0.42 kB
dist/assets/classDiagram-JCYQIIEL-DU85g7Zo.js                  0.77 kB │ gzip:   0.45 kB
dist/assets/classDiagram-v2-OCEON4UE-DU85g7Zo.js               0.77 kB │ gzip:   0.45 kB
dist/assets/stateDiagram-v2-UEYNNEHI-CFBzbrNd.js               0.78 kB │ gzip:   0.45 kB
dist/assets/swimlanesDiagram-ULZ7WXOC-DKhIODG5.js              0.83 kB │ gzip:   0.48 kB
dist/assets/sizeCapture-X5ZJPWSS-B0uUizjq.js                   0.87 kB │ gzip:   0.51 kB
dist/assets/line-sjESIsAw.js                                   0.94 kB │ gzip:   0.47 kB
dist/assets/chunk-UBXNYLIW-C5NuhWqs.js                         0.96 kB │ gzip:   0.59 kB
dist/assets/ordinal-BDEzSJ7C.js                                1.17 kB │ gzip:   0.56 kB
dist/assets/railroadDiagram-AXF67PYL-CMLgVFJ0.js               1.65 kB │ gzip:   0.77 kB
dist/assets/abnfDiagram-N423BO3Z-BeT25sY-.js                   1.84 kB │ gzip:   0.89 kB
dist/assets/chunk-W5SLKNZC-C9tWl-rM.js                         1.84 kB │ gzip:   0.90 kB
dist/assets/chunk-2GRJ4B5K-CXV9cqfd.js                         1.97 kB │ gzip:   0.88 kB
dist/assets/pegDiagram-VL7TDLO6-B21F_zts.js                    2.01 kB │ gzip:   0.94 kB
dist/assets/ebnfDiagram-BXEA7PRR-Blo5Dvfk.js                   2.05 kB │ gzip:   0.89 kB
dist/assets/chunk-7BUUIJ7U-Bb538aSH.js                         2.10 kB │ gzip:   0.82 kB
dist/assets/dist-v5Q1xZ2K.js                                   2.17 kB │ gzip:   0.98 kB
dist/assets/path-fybaL0A-.js                                   2.27 kB │ gzip:   0.98 kB
dist/assets/arc-Pry-7G1_.js                                    3.47 kB │ gzip:   1.46 kB
dist/assets/diagram-LBJQPF4R-BVFDqGvU.js                       4.28 kB │ gzip:   1.85 kB
dist/assets/defaultLocale-BFoDCU3G.js                          4.63 kB │ gzip:   2.12 kB
dist/assets/map-BaFkSB1l.js                                    5.03 kB │ gzip:   2.05 kB
dist/assets/linear-DmucvK78.js                                 5.51 kB │ gzip:   2.25 kB
dist/assets/chunk-4I5QYGJK-BwAVWC6h.js                         5.83 kB │ gzip:   2.68 kB
dist/assets/diagram-UB23O5K3-BpGMVvTC.js                       6.07 kB │ gzip:   2.57 kB
dist/assets/pieDiagram-7S7Q4E2Y-CLsNgvve.js                    6.22 kB │ gzip:   2.60 kB
dist/assets/chunk-RYQCIY6F-BsoV8yK2.js                         7.02 kB │ gzip:   2.68 kB
dist/assets/diagram-7IWD3JNH-BdHBWhMY.js                       8.31 kB │ gzip:   3.71 kB
dist/assets/dagre-VZM6K2ZE-Biii1E4L.js                         8.81 kB │ gzip:   3.42 kB
dist/assets/cynefinDiagram-MW4NZA55-BNPEOOWb.js                9.94 kB │ gzip:   3.51 kB
dist/assets/stateDiagram-OKZ733FA-DuJkzPfz.js                 10.64 kB │ gzip:   3.74 kB
dist/assets/diagram-B4RE2ZJO-eJZzulem.js                      10.65 kB │ gzip:   4.12 kB
dist/assets/chunk-6Q2QTUOP-eSZNRNCF.js                        15.64 kB │ gzip:   4.35 kB
dist/assets/diagram-Q27KOJAE-U8_00fNr.js                      15.75 kB │ gzip:   5.53 kB
dist/assets/mermaid-parser.core-Dj4n9EP2.js                   16.58 kB │ gzip:   3.92 kB
dist/assets/ishikawaDiagram-WSZJBQD7-CUL72bRT.js              17.31 kB │ gzip:   6.53 kB
dist/assets/kanban-definition-27J2QSJJ-BSNrxAp3.js            20.22 kB │ gzip:   7.13 kB
dist/assets/sankeyDiagram-W5VNT64P-DM-CEt_I.js                22.79 kB │ gzip:   8.25 kB
dist/assets/journeyDiagram-NVQOT4AX-BAZXSIlP.js               23.15 kB │ gzip:   8.16 kB
dist/assets/mindmap-definition-FAOFIHXS-DZcQ0FA0.js           23.44 kB │ gzip:   8.02 kB
dist/assets/graphlib-DS17s2tU.js                              23.90 kB │ gzip:   8.31 kB
dist/assets/wardleyDiagram-T6FBY63Y-UcTCebfH.js               25.20 kB │ gzip:   6.55 kB
dist/assets/erDiagram-JOGREHBK-D9xgt0MK.js                    27.09 kB │ gzip:   9.44 kB
dist/assets/rough.esm-Dy-Kn_BL.js                             27.10 kB │ gzip:   8.85 kB
dist/assets/gitGraphDiagram-DS77QQ5N-DNyaQARS.js              29.00 kB │ gzip:   8.55 kB
dist/assets/timeline-definition-Z64GVDOM-B6qCkCDt.js          30.36 kB │ gzip:   9.97 kB
dist/assets/chunk-NSK5VX7P-Cw9ATxXU.js                        30.75 kB │ gzip:   8.50 kB
dist/assets/requirementDiagram-LRYGKXZP-BMhtrZdl.js           30.99 kB │ gzip:   9.77 kB
dist/assets/dagre-Buvkdvvj.js                                 32.06 kB │ gzip:  11.58 kB
dist/assets/quadrantDiagram-CIZ2JOQS-CfP6xtuw.js              33.51 kB │ gzip:   9.74 kB
dist/assets/chunk-7Z6QIM7H-BC5c9asJ.js                        33.95 kB │ gzip:   7.31 kB
dist/assets/chunk-5RXB4S5H-BFisMHbu.js                        37.68 kB │ gzip:  12.29 kB
dist/assets/vennDiagram-T6HMQDX7-BqMx3QVJ.js                  41.15 kB │ gzip:  15.11 kB
dist/assets/xychartDiagram-ELKLHX3M-BT8pnmPd.js               41.60 kB │ gzip:  11.69 kB
dist/assets/src-B6xuSHsQ.js                                   45.68 kB │ gzip:  16.00 kB
dist/assets/chunk-WRU74C26-CATydHxc.js                        46.83 kB │ gzip:  14.74 kB
dist/assets/chunk-GF5L2VYU-BdsIMtap.js                        48.78 kB │ gzip:  15.75 kB
dist/assets/chunk-JQJVKLGR-BfkwVKze.js                        60.11 kB │ gzip:  19.52 kB
dist/assets/c4Diagram-5PPSVZJV-DkSamO5D.js                    69.16 kB │ gzip:  19.33 kB
dist/assets/ganttDiagram-PKOTCBZU-Bnu6nukZ.js                 69.35 kB │ gzip:  22.74 kB
dist/assets/blockDiagram-VBNYF7ZC-BO0QBqmY.js                 72.71 kB │ gzip:  20.71 kB
dist/assets/mermaid.core-CZ_3c8kJ.js                          79.93 kB │ gzip:  27.59 kB
dist/assets/cose-bilkent-JH36ORCC-D3jWolZv.js                 81.26 kB │ gzip:  21.55 kB
dist/assets/chunk-QR6OTTB3-BItNN3pS.js                       101.85 kB │ gzip:  24.81 kB
dist/assets/swimlanes-SLNWSIFB-CX8mpLFj.js                   114.11 kB │ gzip:  39.16 kB
dist/assets/sequenceDiagram-SI44F4Z6-C6VnMsBE.js             115.74 kB │ gzip:  30.58 kB
dist/assets/architectureDiagram-T3A2C74G-QNQp-7ez.js         148.91 kB │ gzip:  41.13 kB
dist/assets/chunk-I66GZJ75-Cv1ZYgz5.js                       235.23 kB │ gzip:  37.96 kB
dist/assets/index-HoIhTQ9t.js                                428.51 kB │ gzip: 129.93 kB
dist/assets/MarkdownRenderer-DJnUugZK.js                     431.04 kB │ gzip: 129.45 kB
dist/assets/cytoscape.esm-C2x7inlt.js                        434.92 kB │ gzip: 137.81 kB
dist/assets/chunk-KEIR6QF5-BICK3FdT.js                       662.09 kB │ gzip: 143.15 kB

✓ built in 332ms
CLI Building entry: server/index.ts
CLI Using tsconfig: tsconfig.json
CLI tsup v8.5.1
CLI Target: node16
CLI Cleaning output folder
ESM Build start
ESM dist-server/index.js 810.26 KB
ESM ⚡️ Build success in 100ms
